// Jest Snapshot v1, https://goo.gl/fbAQLP

exports[`Generated Files Paginates generated files 1`] = `
Array [
  "file_002.txt",
  "file_005.txt",
  "file_008.txt",
  "file_011.txt",
  "file_014.txt",
  "file_017.txt",
  "file_020.txt",
  "file_023.txt",
  "file_026.txt",
  "file_029.txt",
  "file_032.txt",
  "file_035.txt",
  "file_038.txt",
  "file_041.txt",
  "file_044.txt",
  "file_047.txt",
  "file_050.txt",
  "file_053.txt",
  "file_056.txt",
  "file_059.txt",
  "file_062.txt",
  "file_065.txt",
  "file_068.txt",
  "file_071.txt",
  "file_074.txt",
]
`;

exports[`Generated Files Paginates generated files 2`] = `
Array [
  "file_077.txt",
  "file_080.txt",
  "file_083.txt",
  "file_086.txt",
  "file_089.txt",
  "file_092.txt",
  "file_095.txt",
  "file_098.txt",
  "file_101.txt",
  "file_104.txt",
  "file_107.txt",
  "file_110.txt",
  "file_113.txt",
  "file_116.txt",
  "file_119.txt",
  "file_122.txt",
  "file_125.txt",
  "file_128.txt",
  "file_131.txt",
  "file_134.txt",
  "file_137.txt",
  "file_140.txt",
  "file_143.txt",
  "file_146.txt",
  "file_149.txt",
]
`;

exports[`Generated Files Paginates generated files 3`] = `
Array [
  "file_152.txt",
  "file_155.txt",
  "file_158.txt",
  "file_161.txt",
  "file_164.txt",
  "file_167.txt",
  "file_170.txt",
  "file_173.txt",
  "file_176.txt",
  "file_179.txt",
  "file_182.txt",
  "file_185.txt",
  "file_188.txt",
  "file_191.txt",
  "file_194.txt",
  "file_197.txt",
  "file_200.txt",
  "file_203.txt",
  "file_206.txt",
  "file_209.txt",
  "file_212.txt",
  "file_215.txt",
  "file_218.txt",
  "file_221.txt",
  "file_224.txt",
]
`;

exports[`Generated Files Paginates generated files 4`] = `
Array [
  "file_227.txt",
  "file_230.txt",
  "file_233.txt",
  "file_236.txt",
  "file_239.txt",
  "file_242.txt",
  "file_245.txt",
  "file_248.txt",
  "file_251.txt",
  "file_254.txt",
  "file_257.txt",
  "file_260.txt",
  "file_263.txt",
  "file_266.txt",
  "file_269.txt",
  "file_272.txt",
  "file_275.txt",
  "file_278.txt",
  "file_281.txt",
  "file_284.txt",
  "file_287.txt",
  "file_290.txt",
  "file_293.txt",
  "file_296.txt",
  "file_299.txt",
]
`;

exports[`Generated Files Paginates generated files 5`] = `
Array [
  "file_302.txt",
  "file_305.txt",
  "file_308.txt",
  "file_311.txt",
  "file_314.txt",
  "file_317.txt",
  "file_320.txt",
  "file_323.txt",
  "file_326.txt",
  "file_329.txt",
  "file_332.txt",
  "file_335.txt",
  "file_338.txt",
  "file_341.txt",
  "file_344.txt",
  "file_347.txt",
  "file_350.txt",
  "file_353.txt",
  "file_356.txt",
  "file_359.txt",
  "file_362.txt",
  "file_365.txt",
  "file_368.txt",
  "file_371.txt",
  "file_374.txt",
]
`;

exports[`Generated Files Paginates generated files 6`] = `
Array [
  "file_377.txt",
  "file_380.txt",
  "file_383.txt",
  "file_386.txt",
  "file_389.txt",
  "file_392.txt",
  "file_395.txt",
  "file_398.txt",
  "file_001.txt",
  "file_004.txt",
  "file_007.txt",
  "file_010.txt",
  "file_013.txt",
  "file_016.txt",
  "file_019.txt",
  "file_022.txt",
  "file_025.txt",
  "file_028.txt",
  "file_031.txt",
  "file_034.txt",
  "file_037.txt",
  "file_040.txt",
  "file_043.txt",
  "file_046.txt",
  "file_049.txt",
]
`;

exports[`Generated Files Paginates generated files 7`] = `
Array [
  "file_052.txt",
  "file_055.txt",
  "file_058.txt",
  "file_061.txt",
  "file_064.txt",
  "file_067.txt",
  "file_070.txt",
  "file_073.txt",
  "file_076.txt",
  "file_079.txt",
  "file_082.txt",
  "file_085.txt",
  "file_088.txt",
  "file_091.txt",
  "file_094.txt",
  "file_097.txt",
  "file_100.txt",
  "file_103.txt",
  "file_106.txt",
  "file_109.txt",
  "file_112.txt",
  "file_115.txt",
  "file_118.txt",
  "file_121.txt",
  "file_124.txt",
]
`;

exports[`Generated Files Paginates generated files 8`] = `
Array [
  "file_127.txt",
  "file_130.txt",
  "file_133.txt",
  "file_136.txt",
  "file_139.txt",
  "file_142.txt",
  "file_145.txt",
  "file_148.txt",
  "file_151.txt",
  "file_154.txt",
  "file_157.txt",
  "file_160.txt",
  "file_163.txt",
  "file_166.txt",
  "file_169.txt",
  "file_172.txt",
  "file_175.txt",
  "file_178.txt",
  "file_181.txt",
  "file_184.txt",
  "file_187.txt",
  "file_190.txt",
  "file_193.txt",
  "file_196.txt",
  "file_199.txt",
]
`;

exports[`Generated Files Paginates generated files 9`] = `
Array [
  "file_202.txt",
  "file_205.txt",
  "file_208.txt",
  "file_211.txt",
  "file_214.txt",
  "file_217.txt",
  "file_220.txt",
  "file_223.txt",
  "file_226.txt",
  "file_229.txt",
  "file_232.txt",
  "file_235.txt",
  "file_238.txt",
  "file_241.txt",
  "file_244.txt",
  "file_247.txt",
  "file_250.txt",
  "file_253.txt",
  "file_256.txt",
  "file_259.txt",
  "file_262.txt",
  "file_265.txt",
  "file_268.txt",
  "file_271.txt",
  "file_274.txt",
]
`;

exports[`Generated Files Paginates generated files 10`] = `
Array [
  "file_277.txt",
  "file_280.txt",
  "file_283.txt",
  "file_286.txt",
  "file_289.txt",
  "file_292.txt",
  "file_295.txt",
  "file_298.txt",
  "file_301.txt",
  "file_304.txt",
  "file_307.txt",
  "file_310.txt",
  "file_313.txt",
  "file_316.txt",
  "file_319.txt",
  "file_322.txt",
  "file_325.txt",
  "file_328.txt",
  "file_331.txt",
  "file_334.txt",
  "file_337.txt",
  "file_340.txt",
  "file_343.txt",
  "file_346.txt",
  "file_349.txt",
]
`;

exports[`Generated Files Paginates generated files 11`] = `
Array [
  "file_352.txt",
  "file_355.txt",
  "file_358.txt",
  "file_361.txt",
  "file_364.txt",
  "file_367.txt",
  "file_370.txt",
  "file_373.txt",
  "file_376.txt",
  "file_379.txt",
  "file_382.txt",
  "file_385.txt",
  "file_388.txt",
  "file_391.txt",
  "file_394.txt",
  "file_397.txt",
]
`;

exports[`Generated Files Paginates generated files 12`] = `Array []`;

exports[`Generated Files Paginates generated files 13`] = `Array []`;

exports[`Generated Files Paginates generated files 14`] = `Array []`;

exports[`Generated Files Paginates generated files 15`] = `Array []`;

exports[`Generated Files Paginates generated files 16`] = `Array []`;

exports[`Generated Files Paginates generated files 17`] = `
Array [
  "file_401.txt",
  "file_404.txt",
  "file_407.txt",
  "file_410.txt",
  "file_413.txt",
  "file_416.txt",
  "file_419.txt",
  "file_422.txt",
  "file_425.txt",
  "file_428.txt",
  "file_431.txt",
  "file_434.txt",
  "file_437.txt",
  "file_440.txt",
  "file_443.txt",
  "file_446.txt",
  "file_449.txt",
  "file_452.txt",
  "file_455.txt",
  "file_458.txt",
  "file_461.txt",
  "file_464.txt",
  "file_467.txt",
  "file_470.txt",
  "file_473.txt",
]
`;
